[templates.hibootstrap.com/emzu/default/index.html]
[templates.hibootstrap.com/emzu/default/assets/css/animate.min.css]
[templates.hibootstrap.com/emzu/default/assets/css/bootstrap.min.css]
[templates.hibootstrap.com/emzu/default/assets/css/fontawsome.min.css]
[templates.hibootstrap.com/emzu/default/assets/fonts/flaticon.css]
[templates.hibootstrap.com/emzu/default/assets/css/meanmenu.min.css]
[templates.hibootstrap.com/emzu/default/assets/css/owl.carousel.min.css]
[templates.hibootstrap.com/emzu/default/assets/css/owl.theme.default.min.css]
[templates.hibootstrap.com/emzu/default/assets/css/nice-number.min.css]
[templates.hibootstrap.com/emzu/default/assets/css/nice-select.min.css]
[templates.hibootstrap.com/emzu/default/assets/css/barfiller.min.css]
[templates.hibootstrap.com/emzu/default/assets/css/magnific-popup.min.css]
[templates.hibootstrap.com/emzu/default/assets/css/odometer.min.css]
[templates.hibootstrap.com/emzu/default/assets/css/style.css]
[backblue.gif]
[fade.gif]
[index.html]
[templates.hibootstrap.com/emzu/default/assets/css/dark-mode.css]
[templates.hibootstrap.com/emzu/default/assets/images/fav-icon.png]
[templates.hibootstrap.com/emzu/default/authentication.html]
[templates.hibootstrap.com/emzu/default/login.html]
[templates.hibootstrap.com/emzu/default/register.html]
[templates.hibootstrap.com/emzu/default/assets/images/small-logo.png]
[templates.hibootstrap.com/emzu/default/assets/images/small-white-logo.png]
[templates.hibootstrap.com/emzu/default/assets/images/logo.png]
[templates.hibootstrap.com/emzu/default/assets/images/white-logo.png]
[templates.hibootstrap.com/emzu/default/index-2.html]
[templates.hibootstrap.com/emzu/default/index-3.html]
[templates.hibootstrap.com/emzu/default/service.html]
[templates.hibootstrap.com/emzu/default/service-details.html]
[templates.hibootstrap.com/emzu/default/about.html]
[templates.hibootstrap.com/emzu/default/team.html]
[templates.hibootstrap.com/emzu/default/pricing.html]
[templates.hibootstrap.com/emzu/default/faq.html]
[templates.hibootstrap.com/emzu/default/error.html]
[templates.hibootstrap.com/emzu/default/testimonial.html]
[templates.hibootstrap.com/emzu/default/privacy.html]
[templates.hibootstrap.com/emzu/default/terms.html]
[templates.hibootstrap.com/emzu/default/projects.html]
[templates.hibootstrap.com/emzu/default/project-details.html]
[templates.hibootstrap.com/emzu/default/blog.html]
[templates.hibootstrap.com/emzu/default/blog-left-sidebar.html]
[templates.hibootstrap.com/emzu/default/blog-right-sidebar.html]
[templates.hibootstrap.com/emzu/default/blog-details.html]
[templates.hibootstrap.com/emzu/default/contact.html]
[templates.hibootstrap.com/emzu/default/assets/images/banner/banner-1.png]
[templates.hibootstrap.com/emzu/default/assets/images/brand/b1.png]
[templates.hibootstrap.com/emzu/default/assets/images/brand/b2.png]
[templates.hibootstrap.com/emzu/default/assets/images/brand/b3.png]
[templates.hibootstrap.com/emzu/default/assets/images/about/a1.jpg]
[templates.hibootstrap.com/emzu/default/assets/images/testimonial/c1.jpg]
[templates.hibootstrap.com/emzu/default/assets/images/testimonial/c2.jpg]
[templates.hibootstrap.com/emzu/default/assets/images/testimonial/c3.jpg]
[templates.hibootstrap.com/emzu/default/assets/images/testimonial/t-video.jpg]
[templates.hibootstrap.com/emzu/default/assets/images/portfolio/p1.jpg]
[templates.hibootstrap.com/emzu/default/assets/images/portfolio/p2.jpg]
[templates.hibootstrap.com/emzu/default/assets/images/portfolio/p3.jpg]
[templates.hibootstrap.com/emzu/default/assets/images/portfolio/p4.jpg]
[templates.hibootstrap.com/emzu/default/assets/images/portfolio/p5.jpg]
[templates.hibootstrap.com/emzu/default/assets/images/team/t1.jpg]
[templates.hibootstrap.com/emzu/default/assets/images/team/t2.jpg]
[templates.hibootstrap.com/emzu/default/assets/images/team/t3.jpg]
[templates.hibootstrap.com/emzu/default/assets/images/team/t4.jpg]
[templates.hibootstrap.com/emzu/default/assets/images/blog/b1.jpg]
[templates.hibootstrap.com/emzu/default/assets/images/blog/b2.jpg]
[templates.hibootstrap.com/emzu/default/assets/images/blog/b3.jpg]
[templates.hibootstrap.com/cdn-cgi/scripts/5c5dd728/cloudflare-static/email-decode.min.js]
[templates.hibootstrap.com/emzu/default/assets/js/jquery.min.js]
[templates.hibootstrap.com/emzu/default/assets/js/bootstrap.bundle.min.js]
[templates.hibootstrap.com/emzu/default/assets/js/meanmenu.js]
[templates.hibootstrap.com/emzu/default/assets/js/owl.carousel.min.js]
[templates.hibootstrap.com/emzu/default/assets/js/magnific-popup.min.js]
[templates.hibootstrap.com/emzu/default/assets/js/nice-number.min.js]
[templates.hibootstrap.com/emzu/default/assets/js/nice-select.min.js]
[templates.hibootstrap.com/emzu/default/assets/js/appear.min.js]
[templates.hibootstrap.com/emzu/default/assets/js/progress-bar.min.js]
[templates.hibootstrap.com/emzu/default/assets/js/odometer.min.js]
[templates.hibootstrap.com/emzu/default/index.html]
[templates.hibootstrap.com/emzu/default/assets/css/animate.min.css]
[templates.hibootstrap.com/emzu/default/assets/css/bootstrap.min.css]
[templates.hibootstrap.com/emzu/default/assets/js/custom.js]
[templates.hibootstrap.com/emzu/default/assets/webfonts/fa-brands-400.woff2]
[templates.hibootstrap.com/emzu/default/assets/webfonts/fa-brands-400.ttf]
[templates.hibootstrap.com/emzu/default/assets/webfonts/fa-regular-400.woff2]
[templates.hibootstrap.com/emzu/default/assets/webfonts/fa-regular-400.ttf]
[templates.hibootstrap.com/emzu/default/assets/webfonts/fa-solid-900.woff2]
[templates.hibootstrap.com/emzu/default/assets/webfonts/fa-solid-900.ttf]
[templates.hibootstrap.com/emzu/default/assets/webfonts/fa-v4compatibility.woff2]
[templates.hibootstrap.com/emzu/default/assets/webfonts/fa-v4compatibility.ttf]
[templates.hibootstrap.com/emzu/default/assets/css/fontawsome.min.css]
[templates.hibootstrap.com/emzu/default/assets/fonts/flaticon76c3.ttf]
[templates.hibootstrap.com/emzu/default/assets/fonts/flaticon76c3.woff]
[templates.hibootstrap.com/emzu/default/assets/fonts/flaticon76c3.woff2]
[templates.hibootstrap.com/emzu/default/assets/fonts/flaticon76c3.eot]
[templates.hibootstrap.com/emzu/default/assets/fonts/flaticon.css]
[templates.hibootstrap.com/emzu/default/assets/css/meanmenu.min.css]
[templates.hibootstrap.com/emzu/default/assets/fonts/flaticon76c3.svg]
[templates.hibootstrap.com/emzu/default/assets/css/owl.video.play.png]
[templates.hibootstrap.com/emzu/default/assets/css/owl.carousel.min.css]
[templates.hibootstrap.com/emzu/default/assets/css/owl.theme.default.min.css]
[templates.hibootstrap.com/emzu/default/assets/css/nice-number.min.css]
[templates.hibootstrap.com/emzu/default/assets/css/nice-select.min.css]
[templates.hibootstrap.com/emzu/default/assets/css/barfiller.min.css]
[templates.hibootstrap.com/emzu/default/assets/css/magnific-popup.min.css]
[templates.hibootstrap.com/emzu/default/assets/css/odometer.min.css]
[templates.hibootstrap.com/emzu/default/assets/images/banner/banner-4.png]
[templates.hibootstrap.com/emzu/default/assets/images/banner/inner-banner-bg.jpg]
[templates.hibootstrap.com/emzu/default/assets/images/about/a2.png]
[templates.hibootstrap.com/emzu/default/assets/images/about/a3.png]
[templates.hibootstrap.com/emzu/default/assets/images/service/service-bg.png]
[templates.hibootstrap.com/emzu/default/assets/images/service/service-bg-3.jpg]
[templates.hibootstrap.com/emzu/default/assets/images/testimonial/t-2.jpg]
[templates.hibootstrap.com/emzu/default/assets/images/testimonial/t-2-2.jpg]
[templates.hibootstrap.com/emzu/default/assets/images/testimonial/tt-3-bg.jpg]
[templates.hibootstrap.com/emzu/default/assets/images/why-we/ww1.jpg]
[templates.hibootstrap.com/emzu/default/assets/images/why-we/ww-2.png]
[templates.hibootstrap.com/emzu/default/assets/images/why-we/ww-3.png]
[templates.hibootstrap.com/emzu/default/assets/images/pricing/pricing-bg.jpg]
[templates.hibootstrap.com/emzu/default/assets/images/news-bg.png]
[templates.hibootstrap.com/emzu/default/assets/images/products/pds1.jpg]
[templates.hibootstrap.com/emzu/default/assets/images/project/p1.jpg]
[templates.hibootstrap.com/emzu/default/assets/images/project/p3.jpg]
[templates.hibootstrap.com/emzu/default/assets/css/style.css]
[i.ibb.co/FxzBYR9/night.png]
[i.ibb.co/7JfqXxB/sunny.png]
[templates.hibootstrap.com/emzu/default/assets/css/dark-mode.css]
[templates.hibootstrap.com/emzu/default/authentication.html]
[templates.hibootstrap.com/emzu/default/login.html]
[templates.hibootstrap.com/emzu/default/register.html]
[templates.hibootstrap.com/emzu/default/service-2.html]
[templates.hibootstrap.com/emzu/default/assets/images/banner/banner-2.jpg]
[templates.hibootstrap.com/emzu/default/assets/images/banner/banner-3.jpg]
[templates.hibootstrap.com/emzu/default/assets/images/brand/b4.png]
[templates.hibootstrap.com/emzu/default/assets/images/brand/b5.png]
[templates.hibootstrap.com/emzu/default/assets/images/brand/b6.png]
[templates.hibootstrap.com/emzu/default/assets/images/brand/b7.png]
[templates.hibootstrap.com/emzu/default/assets/images/brand/b8.png]
[templates.hibootstrap.com/emzu/default/assets/images/portfolio/p6.jpg]
[templates.hibootstrap.com/emzu/default/assets/images/portfolio/p7.jpg]
[templates.hibootstrap.com/emzu/default/assets/images/portfolio/p8.jpg]
[templates.hibootstrap.com/emzu/default/assets/images/portfolio/p9.jpg]
[templates.hibootstrap.com/emzu/default/project.html]
[templates.hibootstrap.com/emzu/default/index-2.html]
[templates.hibootstrap.com/emzu/default/assets/images/about/video.jpg]
[templates.hibootstrap.com/emzu/default/assets/images/brand/br1.png]
[templates.hibootstrap.com/emzu/default/assets/images/brand/br2.png]
[templates.hibootstrap.com/emzu/default/assets/images/brand/br3.png]
[templates.hibootstrap.com/emzu/default/assets/images/brand/br4.png]
[templates.hibootstrap.com/emzu/default/assets/images/brand/br5.png]
[templates.hibootstrap.com/emzu/default/assets/images/brand/br6.png]
[templates.hibootstrap.com/emzu/default/assets/images/portfolio/p12.jpg]
[templates.hibootstrap.com/emzu/default/assets/images/portfolio/p13.jpg]
[templates.hibootstrap.com/emzu/default/assets/images/portfolio/p10.jpg]
[templates.hibootstrap.com/emzu/default/assets/images/portfolio/p11.jpg]
[templates.hibootstrap.com/emzu/default/assets/images/testimonial/t-3.png]
[templates.hibootstrap.com/emzu/default/index-3.html]
[templates.hibootstrap.com/emzu/default/service.html]
[templates.hibootstrap.com/emzu/default/assets/images/service/sd1.jpg]
[templates.hibootstrap.com/emzu/default/service-details.html]
[templates.hibootstrap.com/emzu/default/about.html]
[templates.hibootstrap.com/emzu/default/assets/images/team/t5.jpg]
[templates.hibootstrap.com/emzu/default/assets/images/team/t6.jpg]
[templates.hibootstrap.com/emzu/default/assets/images/team/t7.jpg]
[templates.hibootstrap.com/emzu/default/assets/images/team/t8.jpg]
[templates.hibootstrap.com/emzu/default/team.html]
[templates.hibootstrap.com/emzu/default/pricing.html]
[templates.hibootstrap.com/emzu/default/faq.html]
[templates.hibootstrap.com/emzu/default/assets/images/error.png]
[templates.hibootstrap.com/emzu/default/error.html]
[templates.hibootstrap.com/emzu/default/testimonial.html]
[templates.hibootstrap.com/emzu/default/privacy.html]
[templates.hibootstrap.com/emzu/default/terms.html]
[templates.hibootstrap.com/emzu/default/assets/images/portfolio/p14.jpg]
[templates.hibootstrap.com/emzu/default/assets/images/portfolio/p15.jpg]
[templates.hibootstrap.com/emzu/default/projects.html]
[templates.hibootstrap.com/emzu/default/assets/images/project/pd-1.jpg]
[templates.hibootstrap.com/emzu/default/project-details.html]
[templates.hibootstrap.com/emzu/default/assets/images/blog/b4.jpg]
[templates.hibootstrap.com/emzu/default/assets/images/blog/b5.jpg]
[templates.hibootstrap.com/emzu/default/blog.html]
[templates.hibootstrap.com/emzu/default/assets/images/blog/b6.jpg]
[templates.hibootstrap.com/emzu/default/assets/images/blog/bds1.jpg]
[templates.hibootstrap.com/emzu/default/assets/images/blog/bds2.jpg]
[templates.hibootstrap.com/emzu/default/assets/images/blog/bds3.jpg]
[templates.hibootstrap.com/emzu/default/blog-left-sidebar.html]
[templates.hibootstrap.com/emzu/default/blog-right-sidebar.html]
[templates.hibootstrap.com/emzu/default/assets/images/blog/bd1.jpg]
[templates.hibootstrap.com/emzu/default/blog-details.html]
[templates.hibootstrap.com/emzu/default/contact.html]
[templates.hibootstrap.com/emzu/default/assets/fonts/flaticon76c3.svg]
[templates.hibootstrap.com/emzu/default/assets/css/owl.video.play.html]
[templates.hibootstrap.com/emzu/default/service-2.html]
[templates.hibootstrap.com/emzu/default/project.html]
